  # of chess pieces on board: 0
  Game being Setup...
  ....
  ....
  ....
  ....
->setup_chess(N,1,3)
  # of chess pieces on board: 1
  Game being Setup...
  ..N.
  ....
  ....
  ....
->setup_chess(Q,3,2)
  # of chess pieces on board: 2
  Game being Setup...
  ..N.
  ....
  .Q..
  ....
->setup_chess(P,4,1)
  # of chess pieces on board: 3
  Game being Setup...
  ..N.
  ....
  .Q..
  P...
->setup_chess(R,4,4)
  # of chess pieces on board: 4
  Game being Setup...
  ..N.
  ....
  .Q..
  P..R
->start_game
  # of chess pieces on board: 4
  Game In Progress...
  ..N.
  ....
  .Q..
  P..R
->moves(1,3)
  # of chess pieces on board: 4
  Game In Progress...
  ..N.
  +...
  .+.+
  ....
->moves(3,2)
  # of chess pieces on board: 4
  Game In Progress...
  .+.+
  +++.
  +Q++
  +++.
->moves(4,1)
  # of chess pieces on board: 4
  Game In Progress...
  ....
  ....
  .+..
  P...
->moves(4,4)
  # of chess pieces on board: 4
  Game In Progress...
  ...+
  ...+
  ...+
  +++R
->move_and_capture(4,1,3,2)
  # of chess pieces on board: 3
  Game In Progress...
  ..N.
  ....
  .P..
  ...R
->moves(3,2)
  # of chess pieces on board: 3
  Game In Progress...
  ....
  +.+.
  .P..
  ....
->moves(1,3)
  # of chess pieces on board: 3
  Game In Progress...
  ..N.
  +...
  .+.+
  ....
->move_and_capture(1,3,3,2)
  # of chess pieces on board: 2
  Game In Progress...
  ....
  ....
  .N..
  ...R
->moves(3,2)
  # of chess pieces on board: 2
  Game In Progress...
  +.+.
  ...+
  .N..
  ...+
->move_and_capture(3,2,4,4)
  # of chess pieces on board: 1
  Game Over: You Win!
  ....
  ....
  ....
  ...N
