  # of chess pieces on board: 0
  Game being Setup...
  ....
  ....
  ....
  ....
->setup_chess(R,1,3)
  # of chess pieces on board: 1
  Game being Setup...
  ..R.
  ....
  ....
  ....
->setup_chess(R,1,4)
  # of chess pieces on board: 2
  Game being Setup...
  ..RR
  ....
  ....
  ....
->setup_chess(P,2,1)
  # of chess pieces on board: 3
  Game being Setup...
  ..RR
  P...
  ....
  ....
->setup_chess(Q,3,3)
  # of chess pieces on board: 4
  Game being Setup...
  ..RR
  P...
  ..Q.
  ....
->setup_chess(B,4,2)
  # of chess pieces on board: 5
  Game being Setup...
  ..RR
  P...
  ..Q.
  .B..
->setup_chess(B,4,3)
  # of chess pieces on board: 6
  Game being Setup...
  ..RR
  P...
  ..Q.
  .BB.
->start_game
  # of chess pieces on board: 6
  Game In Progress...
  ..RR
  P...
  ..Q.
  .BB.
->moves(1,3)
  # of chess pieces on board: 6
  Game In Progress...
  ++R+
  ..+.
  ..+.
  ..+.
->moves(1,4)
  # of chess pieces on board: 6
  Game In Progress...
  +++R
  ...+
  ...+
  ...+
->moves(2,1)
  # of chess pieces on board: 6
  Game In Progress...
  .+..
  P...
  ....
  ....
->moves(3,3)
  # of chess pieces on board: 6
  Game In Progress...
  +.+.
  .+++
  ++Q+
  .+++
->moves(4,2)
  # of chess pieces on board: 6
  Game In Progress...
  ....
  ...+
  +.+.
  .B..
->moves(4,3)
  # of chess pieces on board: 6
  Game In Progress...
  ....
  +...
  .+.+
  ..B.
->move_and_capture(3,3,4,2)
  # of chess pieces on board: 5
  Game In Progress...
  ..RR
  P...
  ....
  .QB.
->moves(4,2)
  # of chess pieces on board: 5
  Game In Progress...
  .+..
  .+.+
  +++.
  +Q++
->moves(1,4)
  # of chess pieces on board: 5
  Game In Progress...
  +++R
  ...+
  ...+
  ...+
->move_and_capture(1,4,1,3)
  # of chess pieces on board: 4
  Game In Progress...
  ..R.
  P...
  ....
  .QB.
->moves(1,3)
  # of chess pieces on board: 4
  Game In Progress...
  ++R+
  ..+.
  ..+.
  ..+.
->move_and_capture(1,3,4,3)
  # of chess pieces on board: 3
  Game In Progress...
  ....
  P...
  ....
  .QR.
->moves(4,2)
  # of chess pieces on board: 3
  Game In Progress...
  .+..
  .+.+
  +++.
  +Q++
->move_and_capture(4,2,4,3)
  # of chess pieces on board: 2
  Game In Progress...
  ....
  P...
  ....
  ..Q.
->moves(4,3)
  # of chess pieces on board: 2
  Game In Progress...
  ..+.
  +.+.
  .+++
  ++Q+
->move_and_capture(4,3,2,1)
  # of chess pieces on board: 1
  Game Over: You Win!
  ....
  Q...
  ....
  ....
