  # of chess pieces on board: 0
  Game being Setup...
  ....
  ....
  ....
  ....
->setup_chess(N,1,2)
  # of chess pieces on board: 1
  Game being Setup...
  .N..
  ....
  ....
  ....
->setup_chess(P,2,1)
  # of chess pieces on board: 2
  Game being Setup...
  .N..
  P...
  ....
  ....
->setup_chess(P,2,3)
  # of chess pieces on board: 3
  Game being Setup...
  .N..
  P.P.
  ....
  ....
->setup_chess(B,2,4)
  # of chess pieces on board: 4
  Game being Setup...
  .N..
  P.PB
  ....
  ....
->setup_chess(N,3,3)
  # of chess pieces on board: 5
  Game being Setup...
  .N..
  P.PB
  ..N.
  ....
->setup_chess(B,4,1)
  # of chess pieces on board: 6
  Game being Setup...
  .N..
  P.PB
  ..N.
  B...
->start_game
  # of chess pieces on board: 6
  Game In Progress...
  .N..
  P.PB
  ..N.
  B...
->moves(1,2)
  # of chess pieces on board: 6
  Game In Progress...
  .N..
  ...+
  +.+.
  ....
->moves(1,4)
  # of chess pieces on board: 6
  Error: Slot @ (1, 4) not occupied
  .N..
  P.PB
  ..N.
  B...
->moves(2,1)
  # of chess pieces on board: 6
  Game In Progress...
  .+..
  P...
  ....
  ....
->moves(2,4)
  # of chess pieces on board: 6
  Game In Progress...
  ..+.
  ...B
  ..+.
  .+..
->moves(3,3)
  # of chess pieces on board: 6
  Game In Progress...
  .+.+
  +...
  ..N.
  +...
->moves(4,1)
  # of chess pieces on board: 6
  Game In Progress...
  ...+
  ..+.
  .+..
  B...
->move_and_capture(4,1,2,3)
  # of chess pieces on board: 5
  Game In Progress...
  .N..
  P.BB
  ..N.
  ....
->moves(2,1)
  # of chess pieces on board: 5
  Game In Progress...
  .+..
  P...
  ....
  ....
->move_and_capture(2,1,1,2)
  # of chess pieces on board: 4
  Game In Progress...
  .P..
  ..BB
  ..N.
  ....
->moves(2,3)
  # of chess pieces on board: 4
  Game In Progress...
  .+.+
  ..B.
  .+.+
  +...
->move_and_capture(2,3,1,2)
  # of chess pieces on board: 3
  Game In Progress...
  .B..
  ...B
  ..N.
  ....
->moves(3,3)
  # of chess pieces on board: 3
  Game In Progress...
  .+.+
  +...
  ..N.
  +...
->move_and_capture(3,3,1,2)
  # of chess pieces on board: 2
  Game In Progress...
  .N..
  ...B
  ....
  ....
->moves(1,2)
  # of chess pieces on board: 2
  Game In Progress...
  .N..
  ...+
  +.+.
  ....
->move_and_capture(1,2,2,4)
  # of chess pieces on board: 1
  Game Over: You Win!
  ....
  ...N
  ....
  ....
