  # of chess pieces on board: 0
  Game being Setup...
  ....
  ....
  ....
  ....
->setup_chess(N,1,2)
  # of chess pieces on board: 1
  Game being Setup...
  .N..
  ....
  ....
  ....
->setup_chess(Q,2,3)
  # of chess pieces on board: 2
  Game being Setup...
  .N..
  ..Q.
  ....
  ....
->setup_chess(N,3,3)
  # of chess pieces on board: 3
  Game being Setup...
  .N..
  ..Q.
  ..N.
  ....
->setup_chess(P,3,4)
  # of chess pieces on board: 4
  Game being Setup...
  .N..
  ..Q.
  ..NP
  ....
->setup_chess(P,4,1)
  # of chess pieces on board: 5
  Game being Setup...
  .N..
  ..Q.
  ..NP
  P...
->start_game
  # of chess pieces on board: 5
  Game In Progress...
  .N..
  ..Q.
  ..NP
  P...
->moves(1,2)
  # of chess pieces on board: 5
  Game In Progress...
  .N..
  ...+
  +.+.
  ....
->moves(2,3)
  # of chess pieces on board: 5
  Game In Progress...
  .+++
  ++Q+
  .+++
  +.+.
->moves(3,3)
  # of chess pieces on board: 5
  Game In Progress...
  .+.+
  +...
  ..N.
  +...
->moves(3,4)
  # of chess pieces on board: 5
  Game In Progress...
  ....
  ..+.
  ...P
  ....
->moves(4,1)
  # of chess pieces on board: 5
  Game In Progress...
  ....
  ....
  .+..
  P...
->move_and_capture(2,3,3,4)
  # of chess pieces on board: 4
  Game In Progress...
  .N..
  ....
  ..NQ
  P...
->moves(3,4)
  # of chess pieces on board: 4
  Game In Progress...
  .+.+
  ..++
  +++Q
  ..++
->move_and_capture(3,4,3,3)
  # of chess pieces on board: 3
  Game In Progress...
  .N..
  ....
  ..Q.
  P...
->moves(1,2)
  # of chess pieces on board: 3
  Game In Progress...
  .N..
  ...+
  +.+.
  ....
->move_and_capture(1,2,3,3)
  # of chess pieces on board: 2
  Game In Progress...
  ....
  ....
  ..N.
  P...
->moves(3,3)
  # of chess pieces on board: 2
  Game In Progress...
  .+.+
  +...
  ..N.
  +...
->move_and_capture(3,3,4,1)
  # of chess pieces on board: 1
  Game Over: You Win!
  ....
  ....
  ....
  N...
