  # of chess pieces on board: 0
  Game being Setup...
  ....
  ....
  ....
  ....
->setup_chess(R,1,1)
  # of chess pieces on board: 1
  Game being Setup...
  R...
  ....
  ....
  ....
->setup_chess(P,1,2)
  # of chess pieces on board: 2
  Game being Setup...
  RP..
  ....
  ....
  ....
->start_game
  # of chess pieces on board: 2
  Game In Progress...
  RP..
  ....
  ....
  ....
->setup_chess(P,3,3)
  # of chess pieces on board: 2
  Error: Game already started
  RP..
  ....
  ....
  ....
