  # of chess pieces on board: 0
  Game being Setup...
  ....
  ....
  ....
  ....
->setup_chess(R,3,2)
  # of chess pieces on board: 1
  Game being Setup...
  ....
  ....
  .R..
  ....
->setup_chess(P,4,2)
  # of chess pieces on board: 2
  Game being Setup...
  ....
  ....
  .R..
  .P..
->setup_chess(Q,3,2)
  # of chess pieces on board: 2
  Error: Slot @ (3, 2) already occupied
  ....
  ....
  .R..
  .P..
->setup_chess(K,4,2)
  # of chess pieces on board: 2
  Error: Slot @ (4, 2) already occupied
  ....
  ....
  .R..
  .P..
