  # of chess pieces on board: 0
  Game being Setup...
  ....
  ....
  ....
  ....
->setup_chess(K,1,3)
  # of chess pieces on board: 1
  Game being Setup...
  ..K.
  ....
  ....
  ....
->setup_chess(K,2,4)
  # of chess pieces on board: 2
  Game being Setup...
  ..K.
  ...K
  ....
  ....
->start_game
  # of chess pieces on board: 2
  Game In Progress...
  ..K.
  ...K
  ....
  ....
->moves(-1,3)
  # of chess pieces on board: 2
  Error: (-1, 3) not a valid slot
  ..K.
  ...K
  ....
  ....
->moves(-9,-3)
  # of chess pieces on board: 2
  Error: (-9, -3) not a valid slot
  ..K.
  ...K
  ....
  ....
->moves(2,5)
  # of chess pieces on board: 2
  Error: (2, 5) not a valid slot
  ..K.
  ...K
  ....
  ....
->moves(7,2)
  # of chess pieces on board: 2
  Error: (7, 2) not a valid slot
  ..K.
  ...K
  ....
  ....
->moves(7,10)
  # of chess pieces on board: 2
  Error: (7, 10) not a valid slot
  ..K.
  ...K
  ....
  ....
