  # of chess pieces on board: 0
  Game being Setup...
  ....
  ....
  ....
  ....
->setup_chess(K,1,3)
  # of chess pieces on board: 1
  Game being Setup...
  ..K.
  ....
  ....
  ....
->setup_chess(Q,2,4)
  # of chess pieces on board: 2
  Game being Setup...
  ..K.
  ...Q
  ....
  ....
->setup_chess(B,2,3)
  # of chess pieces on board: 3
  Game being Setup...
  ..K.
  ..BQ
  ....
  ....
->setup_chess(R,4,1)
  # of chess pieces on board: 4
  Game being Setup...
  ..K.
  ..BQ
  ....
  R...
->start_game
  # of chess pieces on board: 4
  Game In Progress...
  ..K.
  ..BQ
  ....
  R...
->moves(1,1)
  # of chess pieces on board: 4
  Error: Slot @ (1, 1) not occupied
  ..K.
  ..BQ
  ....
  R...
->moves(1,3)
  # of chess pieces on board: 4
  Game In Progress...
  .+K+
  .+++
  ....
  ....
->moves(2,2)
  # of chess pieces on board: 4
  Error: Slot @ (2, 2) not occupied
  ..K.
  ..BQ
  ....
  R...
->moves(2,4)
  # of chess pieces on board: 4
  Game In Progress...
  ..++
  +++Q
  ..++
  .+.+
->moves(3,3)
  # of chess pieces on board: 4
  Error: Slot @ (3, 3) not occupied
  ..K.
  ..BQ
  ....
  R...
->moves(2,3)
  # of chess pieces on board: 4
  Game In Progress...
  .+.+
  ..B.
  .+.+
  +...
->moves(4,4)
  # of chess pieces on board: 4
  Error: Slot @ (4, 4) not occupied
  ..K.
  ..BQ
  ....
  R...
->moves(4,1)
  # of chess pieces on board: 4
  Game In Progress...
  +...
  +...
  +...
  R+++
->moves(1,4)
  # of chess pieces on board: 4
  Error: Slot @ (1, 4) not occupied
  ..K.
  ..BQ
  ....
  R...
