  # of chess pieces on board: 0
  Game being Setup...
  ....
  ....
  ....
  ....
->setup_chess(K,1,3)
  # of chess pieces on board: 1
  Game being Setup...
  ..K.
  ....
  ....
  ....
->setup_chess(Q,2,4)
  # of chess pieces on board: 2
  Game being Setup...
  ..K.
  ...Q
  ....
  ....
->setup_chess(B,2,3)
  # of chess pieces on board: 3
  Game being Setup...
  ..K.
  ..BQ
  ....
  ....
->setup_chess(R,4,1)
  # of chess pieces on board: 4
  Game being Setup...
  ..K.
  ..BQ
  ....
  R...
->move_and_capture(-10,10,0,5)
  # of chess pieces on board: 4
  Error: Game not yet started
  ..K.
  ..BQ
  ....
  R...
