  # of chess pieces on board: 0
  Game being Setup...
  ....
  ....
  ....
  ....
->setup_chess(K,1,3)
  # of chess pieces on board: 1
  Game being Setup...
  ..K.
  ....
  ....
  ....
->setup_chess(Q,2,4)
  # of chess pieces on board: 2
  Game being Setup...
  ..K.
  ...Q
  ....
  ....
->move_and_capture(1,-2,2,3)
  # of chess pieces on board: 2
  Error: Game not yet started
  ..K.
  ...Q
  ....
  ....
->start_game
  # of chess pieces on board: 2
  Game In Progress...
  ..K.
  ...Q
  ....
  ....
->move_and_capture(1,-2,2,3)
  # of chess pieces on board: 2
  Error: (1, -2) not a valid slot
  ..K.
  ...Q
  ....
  ....
->move_and_capture(1,2,2,-3)
  # of chess pieces on board: 2
  Error: (2, -3) not a valid slot
  ..K.
  ...Q
  ....
  ....
->move_and_capture(1,2,2,3)
  # of chess pieces on board: 2
  Error: Slot @ (1, 2) not occupied
  ..K.
  ...Q
  ....
  ....
->move_and_capture(1,3,2,3)
  # of chess pieces on board: 2
  Error: Slot @ (2, 3) not occupied
  ..K.
  ...Q
  ....
  ....
