  # of chess pieces on board: 0
  Game being Setup...
  ....
  ....
  ....
  ....
->setup_chess(R,1,1)
  # of chess pieces on board: 1
  Game being Setup...
  R...
  ....
  ....
  ....
->setup_chess(K,1,2)
  # of chess pieces on board: 2
  Game being Setup...
  RK..
  ....
  ....
  ....
->setup_chess(B,1,3)
  # of chess pieces on board: 3
  Game being Setup...
  RKB.
  ....
  ....
  ....
->setup_chess(Q,1,4)
  # of chess pieces on board: 4
  Game being Setup...
  RKBQ
  ....
  ....
  ....
->start_game
  # of chess pieces on board: 4
  Game In Progress...
  RKBQ
  ....
  ....
  ....
->move_and_capture(1,1,1,4)
  # of chess pieces on board: 4
  Error: Block exists between (1, 1) and (1, 4)
  RKBQ
  ....
  ....
  ....
->move_and_capture(1,1,1,3)
  # of chess pieces on board: 4
  Error: Block exists between (1, 1) and (1, 3)
  RKBQ
  ....
  ....
  ....
