  # of chess pieces on board: 0
  Game being Setup...
  ....
  ....
  ....
  ....
->setup_chess(B,2,2)
  # of chess pieces on board: 1
  Game being Setup...
  ....
  .B..
  ....
  ....
->setup_chess(P,1,1)
  # of chess pieces on board: 2
  Game being Setup...
  P...
  .B..
  ....
  ....
->setup_chess(P,1,2)
  # of chess pieces on board: 3
  Game being Setup...
  PP..
  .B..
  ....
  ....
->setup_chess(P,1,3)
  # of chess pieces on board: 4
  Game being Setup...
  PPP.
  .B..
  ....
  ....
->setup_chess(P,1,4)
  # of chess pieces on board: 5
  Game being Setup...
  PPPP
  .B..
  ....
  ....
->setup_chess(P,2,1)
  # of chess pieces on board: 6
  Game being Setup...
  PPPP
  PB..
  ....
  ....
->setup_chess(P,2,3)
  # of chess pieces on board: 7
  Game being Setup...
  PPPP
  PBP.
  ....
  ....
->setup_chess(P,2,4)
  # of chess pieces on board: 8
  Game being Setup...
  PPPP
  PBPP
  ....
  ....
->setup_chess(B,3,1)
  # of chess pieces on board: 9
  Game being Setup...
  PPPP
  PBPP
  B...
  ....
->setup_chess(P,3,2)
  # of chess pieces on board: 10
  Game being Setup...
  PPPP
  PBPP
  BP..
  ....
->setup_chess(P,3,3)
  # of chess pieces on board: 11
  Game being Setup...
  PPPP
  PBPP
  BPP.
  ....
->setup_chess(P,3,4)
  # of chess pieces on board: 12
  Game being Setup...
  PPPP
  PBPP
  BPPP
  ....
->setup_chess(B,4,1)
  # of chess pieces on board: 13
  Game being Setup...
  PPPP
  PBPP
  BPPP
  B...
->setup_chess(P,4,2)
  # of chess pieces on board: 14
  Game being Setup...
  PPPP
  PBPP
  BPPP
  BP..
->setup_chess(P,4,3)
  # of chess pieces on board: 15
  Game being Setup...
  PPPP
  PBPP
  BPPP
  BPP.
->setup_chess(P,4,4)
  # of chess pieces on board: 16
  Game being Setup...
  PPPP
  PBPP
  BPPP
  BPPP
->start_game
  # of chess pieces on board: 16
  Game In Progress...
  PPPP
  PBPP
  BPPP
  BPPP
->move_and_capture(2,2,4,4)
  # of chess pieces on board: 16
  Error: Block exists between (2, 2) and (4, 4)
  PPPP
  PBPP
  BPPP
  BPPP
->move_and_capture(2,2,1,1)
  # of chess pieces on board: 15
  Game In Progress...
  BPPP
  P.PP
  BPPP
  BPPP
->move_and_capture(1,1,4,4)
  # of chess pieces on board: 15
  Error: Block exists between (1, 1) and (4, 4)
  BPPP
  P.PP
  BPPP
  BPPP
->move_and_capture(1,1,4,4)
  # of chess pieces on board: 15
  Error: Block exists between (1, 1) and (4, 4)
  BPPP
  P.PP
  BPPP
  BPPP
