  # of chess pieces on board: 0
  Game being Setup...
  ....
  ....
  ....
  ....
->setup_chess(Q,1,3)
  # of chess pieces on board: 1
  Game being Setup...
  ..Q.
  ....
  ....
  ....
->setup_chess(K,2,3)
  # of chess pieces on board: 2
  Game being Setup...
  ..Q.
  ..K.
  ....
  ....
->setup_chess(B,3,3)
  # of chess pieces on board: 3
  Game being Setup...
  ..Q.
  ..K.
  ..B.
  ....
->setup_chess(Q,4,3)
  # of chess pieces on board: 4
  Game being Setup...
  ..Q.
  ..K.
  ..B.
  ..Q.
->start_game
  # of chess pieces on board: 4
  Game In Progress...
  ..Q.
  ..K.
  ..B.
  ..Q.
->move_and_capture(1,3,4,3)
  # of chess pieces on board: 4
  Error: Block exists between (1, 3) and (4, 3)
  ..Q.
  ..K.
  ..B.
  ..Q.
->move_and_capture(1,3,3,3)
  # of chess pieces on board: 4
  Error: Block exists between (1, 3) and (3, 3)
  ..Q.
  ..K.
  ..B.
  ..Q.
