  # of chess pieces on board: 0
  Game being Setup...
  ....
  ....
  ....
  ....
->setup_chess(Q,1,4)
  # of chess pieces on board: 1
  Game being Setup...
  ...Q
  ....
  ....
  ....
->setup_chess(K,2,3)
  # of chess pieces on board: 2
  Game being Setup...
  ...Q
  ..K.
  ....
  ....
->setup_chess(P,3,2)
  # of chess pieces on board: 3
  Game being Setup...
  ...Q
  ..K.
  .P..
  ....
->setup_chess(Q,4,1)
  # of chess pieces on board: 4
  Game being Setup...
  ...Q
  ..K.
  .P..
  Q...
->start_game
  # of chess pieces on board: 4
  Game In Progress...
  ...Q
  ..K.
  .P..
  Q...
->move_and_capture(1,4,4,1)
  # of chess pieces on board: 4
  Error: Block exists between (1, 4) and (4, 1)
  ...Q
  ..K.
  .P..
  Q...
->move_and_capture(1,4,3,2)
  # of chess pieces on board: 4
  Error: Block exists between (1, 4) and (3, 2)
  ...Q
  ..K.
  .P..
  Q...
->move_and_capture(1,4,4,1)
  # of chess pieces on board: 4
  Error: Block exists between (1, 4) and (4, 1)
  ...Q
  ..K.
  .P..
  Q...
->move_and_capture(1,4,2,3)
  # of chess pieces on board: 3
  Game In Progress...
  ....
  ..Q.
  .P..
  Q...
->move_and_capture(2,3,4,1)
  # of chess pieces on board: 3
  Error: Block exists between (2, 3) and (4, 1)
  ....
  ..Q.
  .P..
  Q...
