  # of chess pieces on board: 0
  Game being Setup...
  ....
  ....
  ....
  ....
->setup_chess(Q,3,2)
  # of chess pieces on board: 1
  Game being Setup...
  ....
  ....
  .Q..
  ....
->setup_chess(P,4,1)
  # of chess pieces on board: 2
  Game being Setup...
  ....
  ....
  .Q..
  P...
->setup_chess(P,2,3)
  # of chess pieces on board: 3
  Game being Setup...
  ....
  ..P.
  .Q..
  P...
->setup_chess(P,1,4)
  # of chess pieces on board: 4
  Game being Setup...
  ...P
  ..P.
  .Q..
  P...
->start_game
  # of chess pieces on board: 4
  Game In Progress...
  ...P
  ..P.
  .Q..
  P...
->move_and_capture(3,2,1,4)
  # of chess pieces on board: 4
  Error: Block exists between (3, 2) and (1, 4)
  ...P
  ..P.
  .Q..
  P...
->move_and_capture(3,2,4,1)
  # of chess pieces on board: 3
  Game In Progress...
  ...P
  ..P.
  ....
  Q...
->move_and_capture(4,1,1,4)
  # of chess pieces on board: 3
  Error: Block exists between (4, 1) and (1, 4)
  ...P
  ..P.
  ....
  Q...
->move_and_capture(4,1,1,4)
  # of chess pieces on board: 3
  Error: Block exists between (4, 1) and (1, 4)
  ...P
  ..P.
  ....
  Q...
