  # of chess pieces on board: 0
  Game being Setup...
  ....
  ....
  ....
  ....
->setup_chess(N,1,1)
  # of chess pieces on board: 1
  Game being Setup...
  N...
  ....
  ....
  ....
->setup_chess(B,2,1)
  # of chess pieces on board: 2
  Game being Setup...
  N...
  B...
  ....
  ....
->setup_chess(P,3,2)
  # of chess pieces on board: 3
  Game being Setup...
  N...
  B...
  .P..
  ....
->start_game
  # of chess pieces on board: 3
  Game In Progress...
  N...
  B...
  .P..
  ....
->move_and_capture(1,1,3,2)
  # of chess pieces on board: 3
  Error: Block exists between (1, 1) and (3, 2)
  N...
  B...
  .P..
  ....
