  # of chess pieces on board: 0
  Game being Setup...
  ....
  ....
  ....
  ....
->setup_chess(N,3,3)
  # of chess pieces on board: 1
  Game being Setup...
  ....
  ....
  ..N.
  ....
->setup_chess(Q,2,2)
  # of chess pieces on board: 2
  Game being Setup...
  ....
  .Q..
  ..N.
  ....
->setup_chess(B,1,2)
  # of chess pieces on board: 3
  Game being Setup...
  .B..
  .Q..
  ..N.
  ....
->start_game
  # of chess pieces on board: 3
  Game In Progress...
  .B..
  .Q..
  ..N.
  ....
->move_and_capture(3,3,1,2)
  # of chess pieces on board: 2
  Game In Progress...
  .N..
  .Q..
  ....
  ....
