  # of chess pieces on board: 0
  Game being Setup...
  ....
  ....
  ....
  ....
->setup_chess(N,3,1)
  # of chess pieces on board: 1
  Game being Setup...
  ....
  ....
  N...
  ....
->setup_chess(Q,2,3)
  # of chess pieces on board: 2
  Game being Setup...
  ....
  ..Q.
  N...
  ....
->setup_chess(B,4,3)
  # of chess pieces on board: 3
  Game being Setup...
  ....
  ..Q.
  N...
  ..B.
->start_game
  # of chess pieces on board: 3
  Game In Progress...
  ....
  ..Q.
  N...
  ..B.
->move_and_capture(3,1,2,3)
  # of chess pieces on board: 2
  Game Over: You Lose!
  ....
  ..N.
  ....
  ..B.
->move_and_capture(3,1,4,3)
  # of chess pieces on board: 2
  Error: Game already over
  ....
  ..N.
  ....
  ..B.
