  # of chess pieces on board: 0
  Game being Setup...
  ....
  ....
  ....
  ....
->setup_chess(N,3,1)
  # of chess pieces on board: 1
  Game being Setup...
  ....
  ....
  N...
  ....
->setup_chess(B,2,1)
  # of chess pieces on board: 2
  Game being Setup...
  ....
  B...
  N...
  ....
->setup_chess(P,2,3)
  # of chess pieces on board: 3
  Game being Setup...
  ....
  B.P.
  N...
  ....
->setup_chess(B,1,2)
  # of chess pieces on board: 4
  Game being Setup...
  .B..
  B.P.
  N...
  ....
->start_game
  # of chess pieces on board: 4
  Game In Progress...
  .B..
  B.P.
  N...
  ....
->move_and_capture(1,2,2,3)
  # of chess pieces on board: 3
  Game Over: You Lose!
  ....
  B.B.
  N...
  ....
->moves(3,1)
  # of chess pieces on board: 3
  Error: Game already over
  ....
  B.B.
  N...
  ....
