  # of chess pieces on board: 0
  Game being Setup...
  ....
  ....
  ....
  ....
->setup_chess(B,3,3)
  # of chess pieces on board: 1
  Game being Setup...
  ....
  ....
  ..B.
  ....
->setup_chess(P,2,2)
  # of chess pieces on board: 2
  Game being Setup...
  ....
  .P..
  ..B.
  ....
->setup_chess(P,3,4)
  # of chess pieces on board: 3
  Game being Setup...
  ....
  .P..
  ..BP
  ....
->setup_chess(P,4,3)
  # of chess pieces on board: 4
  Game being Setup...
  ....
  .P..
  ..BP
  ..P.
->setup_chess(P,4,4)
  # of chess pieces on board: 5
  Game being Setup...
  ....
  .P..
  ..BP
  ..PP
->setup_chess(P,3,2)
  # of chess pieces on board: 6
  Game being Setup...
  ....
  .P..
  .PBP
  ..PP
->setup_chess(P,1,1)
  # of chess pieces on board: 7
  Game being Setup...
  P...
  .P..
  .PBP
  ..PP
->start_game
  # of chess pieces on board: 7
  Game In Progress...
  P...
  .P..
  .PBP
  ..PP
->move_and_capture(3,3,1,1)
  # of chess pieces on board: 7
  Error: Block exists between (3, 3) and (1, 1)
  P...
  .P..
  .PBP
  ..PP
->move_and_capture(3,3,4,4)
  # of chess pieces on board: 6
  Game In Progress...
  P...
  .P..
  .P.P
  ..PB
->move_and_capture(4,4,1,1)
  # of chess pieces on board: 6
  Error: Block exists between (4, 4) and (1, 1)
  P...
  .P..
  .P.P
  ..PB
->move_and_capture(4,4,1,1)
  # of chess pieces on board: 6
  Error: Block exists between (4, 4) and (1, 1)
  P...
  .P..
  .P.P
  ..PB
