  # of chess pieces on board: 0
  Game being Setup...
  ....
  ....
  ....
  ....
->setup_chess(N,1,1)
  # of chess pieces on board: 1
  Game being Setup...
  N...
  ....
  ....
  ....
->setup_chess(R,2,1)
  # of chess pieces on board: 2
  Game being Setup...
  N...
  R...
  ....
  ....
->setup_chess(Q,3,2)
  # of chess pieces on board: 3
  Game being Setup...
  N...
  R...
  .Q..
  ....
->setup_chess(Q,3,4)
  # of chess pieces on board: 4
  Game being Setup...
  N...
  R...
  .Q.Q
  ....
->setup_chess(P,4,1)
  # of chess pieces on board: 5
  Game being Setup...
  N...
  R...
  .Q.Q
  P...
->start_game
  # of chess pieces on board: 5
  Game In Progress...
  N...
  R...
  .Q.Q
  P...
->moves(1,1)
  # of chess pieces on board: 5
  Game In Progress...
  N...
  ..+.
  .+..
  ....
->moves(2,1)
  # of chess pieces on board: 5
  Game In Progress...
  +...
  R+++
  +...
  +...
->moves(3,2)
  # of chess pieces on board: 5
  Game In Progress...
  .+.+
  +++.
  +Q++
  +++.
->moves(4,1)
  # of chess pieces on board: 5
  Game In Progress...
  ....
  ....
  .+..
  P...
->moves(3,4)
  # of chess pieces on board: 5
  Game In Progress...
  .+.+
  ..++
  +++Q
  ..++
->move_and_capture(4,1,3,2)
  # of chess pieces on board: 4
  Game In Progress...
  N...
  R...
  .P.Q
  ....
->moves(3,4)
  # of chess pieces on board: 4
  Game In Progress...
  .+.+
  ..++
  +++Q
  ..++
->move_and_capture(3,4,3,2)
  # of chess pieces on board: 3
  Game In Progress...
  N...
  R...
  .Q..
  ....
->moves(3,2)
  # of chess pieces on board: 3
  Game In Progress...
  .+.+
  +++.
  +Q++
  +++.
->move_and_capture(3,2,2,1)
  # of chess pieces on board: 2
  Game In Progress...
  N...
  Q...
  ....
  ....
->moves(2,1)
  # of chess pieces on board: 2
  Game In Progress...
  ++..
  Q+++
  ++..
  +.+.
->move_and_capture(2,1,1,1)
  # of chess pieces on board: 1
  Game Over: You Win!
  Q...
  ....
  ....
  ....
