  # of chess pieces on board: 0
  Game being Setup...
  ....
  ....
  ....
  ....
->setup_chess(Q,1,3)
  # of chess pieces on board: 1
  Game being Setup...
  ..Q.
  ....
  ....
  ....
->setup_chess(R,1,4)
  # of chess pieces on board: 2
  Game being Setup...
  ..QR
  ....
  ....
  ....
->setup_chess(R,2,1)
  # of chess pieces on board: 3
  Game being Setup...
  ..QR
  R...
  ....
  ....
->setup_chess(N,2,2)
  # of chess pieces on board: 4
  Game being Setup...
  ..QR
  RN..
  ....
  ....
->setup_chess(B,3,4)
  # of chess pieces on board: 5
  Game being Setup...
  ..QR
  RN..
  ...B
  ....
->setup_chess(B,4,1)
  # of chess pieces on board: 6
  Game being Setup...
  ..QR
  RN..
  ...B
  B...
->start_game
  # of chess pieces on board: 6
  Game In Progress...
  ..QR
  RN..
  ...B
  B...
->moves(1,3)
  # of chess pieces on board: 6
  Game In Progress...
  ++Q+
  .+++
  +.+.
  ..+.
->moves(1,4)
  # of chess pieces on board: 6
  Game In Progress...
  +++R
  ...+
  ...+
  ...+
->moves(2,1)
  # of chess pieces on board: 6
  Game In Progress...
  +...
  R+++
  +...
  +...
->moves(2,2)
  # of chess pieces on board: 6
  Game In Progress...
  ...+
  .N..
  ...+
  +.+.
->moves(3,4)
  # of chess pieces on board: 6
  Game In Progress...
  .+..
  ..+.
  ...B
  ..+.
->moves(4,1)
  # of chess pieces on board: 6
  Game In Progress...
  ...+
  ..+.
  .+..
  B...
->move_and_capture(1,3,2,2)
  # of chess pieces on board: 5
  Game In Progress...
  ...R
  RQ..
  ...B
  B...
->moves(2,2)
  # of chess pieces on board: 5
  Game In Progress...
  +++.
  +Q++
  +++.
  .+.+
->move_and_capture(2,2,2,1)
  # of chess pieces on board: 4
  Game In Progress...
  ...R
  Q...
  ...B
  B...
->moves(2,1)
  # of chess pieces on board: 4
  Game In Progress...
  ++..
  Q+++
  ++..
  +.+.
->move_and_capture(2,1,4,1)
  # of chess pieces on board: 3
  Game In Progress...
  ...R
  ....
  ...B
  Q...
->moves(4,1)
  # of chess pieces on board: 3
  Game In Progress...
  +..+
  +.+.
  ++..
  Q+++
->move_and_capture(4,1,1,4)
  # of chess pieces on board: 2
  Game In Progress...
  ...Q
  ....
  ...B
  ....
->moves(1,4)
  # of chess pieces on board: 2
  Game In Progress...
  +++Q
  ..++
  .+.+
  +..+
->move_and_capture(1,4,3,4)
  # of chess pieces on board: 1
  Game Over: You Win!
  ....
  ....
  ...Q
  ....
