  # of chess pieces on board: 0
  Game being Setup...
  ....
  ....
  ....
  ....
->setup_chess(K,1,3)
  # of chess pieces on board: 1
  Game being Setup...
  ..K.
  ....
  ....
  ....
->setup_chess(Q,2,4)
  # of chess pieces on board: 2
  Game being Setup...
  ..K.
  ...Q
  ....
  ....
->start_game
  # of chess pieces on board: 2
  Game In Progress...
  ..K.
  ...Q
  ....
  ....
->move_and_capture(-10,10,0,5)
  # of chess pieces on board: 2
  Error: (-10, 10) not a valid slot
  ..K.
  ...Q
  ....
  ....
