  # of chess pieces on board: 0
  Game being Setup...
  ....
  ....
  ....
  ....
->setup_chess(R,4,4)
  # of chess pieces on board: 1
  Game being Setup...
  ....
  ....
  ....
  ...R
->setup_chess(K,4,3)
  # of chess pieces on board: 2
  Game being Setup...
  ....
  ....
  ....
  ..KR
->setup_chess(B,4,2)
  # of chess pieces on board: 3
  Game being Setup...
  ....
  ....
  ....
  .BKR
->setup_chess(Q,4,1)
  # of chess pieces on board: 4
  Game being Setup...
  ....
  ....
  ....
  QBKR
->start_game
  # of chess pieces on board: 4
  Game In Progress...
  ....
  ....
  ....
  QBKR
->move_and_capture(4,4,4,1)
  # of chess pieces on board: 4
  Error: Block exists between (4, 4) and (4, 1)
  ....
  ....
  ....
  QBKR
->move_and_capture(4,4,4,2)
  # of chess pieces on board: 4
  Error: Block exists between (4, 4) and (4, 2)
  ....
  ....
  ....
  QBKR
->move_and_capture(4,4,4,1)
  # of chess pieces on board: 4
  Error: Block exists between (4, 4) and (4, 1)
  ....
  ....
  ....
  QBKR
