  # of chess pieces on board: 0
  Game being Setup...
  ....
  ....
  ....
  ....
->setup_chess(B,4,1)
  # of chess pieces on board: 1
  Game being Setup...
  ....
  ....
  ....
  B...
->setup_chess(K,3,2)
  # of chess pieces on board: 2
  Game being Setup...
  ....
  ....
  .K..
  B...
->setup_chess(P,2,3)
  # of chess pieces on board: 3
  Game being Setup...
  ....
  ..P.
  .K..
  B...
->setup_chess(Q,1,4)
  # of chess pieces on board: 4
  Game being Setup...
  ...Q
  ..P.
  .K..
  B...
->start_game
  # of chess pieces on board: 4
  Game In Progress...
  ...Q
  ..P.
  .K..
  B...
->move_and_capture(4,1,1,4)
  # of chess pieces on board: 4
  Error: Block exists between (4, 1) and (1, 4)
  ...Q
  ..P.
  .K..
  B...
->move_and_capture(4,1,2,3)
  # of chess pieces on board: 4
  Error: Block exists between (4, 1) and (2, 3)
  ...Q
  ..P.
  .K..
  B...
->move_and_capture(4,1,1,4)
  # of chess pieces on board: 4
  Error: Block exists between (4, 1) and (1, 4)
  ...Q
  ..P.
  .K..
  B...
->move_and_capture(4,1,3,2)
  # of chess pieces on board: 3
  Game In Progress...
  ...Q
  ..P.
  .B..
  ....
->move_and_capture(3,2,1,4)
  # of chess pieces on board: 3
  Error: Block exists between (3, 2) and (1, 4)
  ...Q
  ..P.
  .B..
  ....
