  # of chess pieces on board: 0
  Game being Setup...
  ....
  ....
  ....
  ....
->setup_chess(Q,4,4)
  # of chess pieces on board: 1
  Game being Setup...
  ....
  ....
  ....
  ...Q
->setup_chess(K,3,3)
  # of chess pieces on board: 2
  Game being Setup...
  ....
  ....
  ..K.
  ...Q
->setup_chess(P,2,2)
  # of chess pieces on board: 3
  Game being Setup...
  ....
  .P..
  ..K.
  ...Q
->setup_chess(Q,1,1)
  # of chess pieces on board: 4
  Game being Setup...
  Q...
  .P..
  ..K.
  ...Q
->start_game
  # of chess pieces on board: 4
  Game In Progress...
  Q...
  .P..
  ..K.
  ...Q
->move_and_capture(4,4,1,1)
  # of chess pieces on board: 4
  Error: Block exists between (4, 4) and (1, 1)
  Q...
  .P..
  ..K.
  ...Q
->move_and_capture(4,4,2,2)
  # of chess pieces on board: 4
  Error: Block exists between (4, 4) and (2, 2)
  Q...
  .P..
  ..K.
  ...Q
->move_and_capture(4,4,1,1)
  # of chess pieces on board: 4
  Error: Block exists between (4, 4) and (1, 1)
  Q...
  .P..
  ..K.
  ...Q
->move_and_capture(4,4,3,3)
  # of chess pieces on board: 3
  Game In Progress...
  Q...
  .P..
  ..Q.
  ....
->move_and_capture(3,3,1,1)
  # of chess pieces on board: 3
  Error: Block exists between (3, 3) and (1, 1)
  Q...
  .P..
  ..Q.
  ....
