  # of chess pieces on board: 0
  Game being Setup...
  ....
  ....
  ....
  ....
->setup_chess(N,3,1)
  # of chess pieces on board: 1
  Game being Setup...
  ....
  ....
  N...
  ....
->setup_chess(B,2,1)
  # of chess pieces on board: 2
  Game being Setup...
  ....
  B...
  N...
  ....
->setup_chess(P,2,3)
  # of chess pieces on board: 3
  Game being Setup...
  ....
  B.P.
  N...
  ....
->start_game
  # of chess pieces on board: 3
  Game Over: You Lose!
  ....
  B.P.
  N...
  ....
->moves(3,1)
  # of chess pieces on board: 3
  Error: Game already over
  ....
  B.P.
  N...
  ....
