  # of chess pieces on board: 0
  Game being Setup...
  ....
  ....
  ....
  ....
->start_game
  # of chess pieces on board: 0
  Game Over: You Lose!
  ....
  ....
  ....
  ....
->start_game
  # of chess pieces on board: 0
  Error: Game already started
  ....
  ....
  ....
  ....
->start_game
  # of chess pieces on board: 0
  Error: Game already started
  ....
  ....
  ....
  ....
->reset_game
  # of chess pieces on board: 0
  Game being Setup...
  ....
  ....
  ....
  ....
->reset_game
  # of chess pieces on board: 0
  Error: Game not yet started
  ....
  ....
  ....
  ....
->setup_chess(P,1,1)
  # of chess pieces on board: 1
  Game being Setup...
  P...
  ....
  ....
  ....
->setup_chess(P,1,4)
  # of chess pieces on board: 2
  Game being Setup...
  P..P
  ....
  ....
  ....
->setup_chess(P,4,1)
  # of chess pieces on board: 3
  Game being Setup...
  P..P
  ....
  ....
  P...
->setup_chess(P,4,4)
  # of chess pieces on board: 4
  Game being Setup...
  P..P
  ....
  ....
  P..P
->start_game
  # of chess pieces on board: 4
  Game Over: You Lose!
  P..P
  ....
  ....
  P..P
